ERROR 07-10 07:21:20 [config.py:29] Failed to import Triton kernels. Please make sure your triton version is compatible. Error: No module named 'triton.language.target_info'
[mb6] SM=110  comm_bytes=32MB  compute_only(full)=993us (calibrated)
[mb6] inter pull k= 1  comm=   7968us (  4.2GB/s)  comp=   1003us  both=   7966us  ideal=   7968us
[mb6] inter pull k= 2  comm=   3987us (  8.4GB/s)  comp=   1012us  both=   3988us  ideal=   3987us
[mb6] inter pull k= 4  comm=   1998us ( 16.8GB/s)  comp=   1031us  both=   1999us  ideal=   1998us
[mb6] inter pull k= 8  comm=   1004us ( 33.4GB/s)  comp=   1073us  both=   1074us  ideal=   1073us
[mb6] inter pull k=16  comm=    663us ( 50.6GB/s)  comp=   1165us  both=   1165us  ideal=   1165us
[mb6] inter pull k=24  comm=    662us ( 50.7GB/s)  comp=   1272us  both=   1273us  ideal=   1272us
[mb6] inter pull k=32  comm=    660us ( 50.8GB/s)  comp=   1402us  both=   1403us  ideal=   1402us
[mb6] intra pull w=1   comm=    667us ( 50.3GB/s)  comp=   1134us  both=   1135us  ideal=   1134us
[mb6] intra pull w=2   comm=    662us ( 50.7GB/s)  comp=   1322us  both=   1323us  ideal=   1322us
[mb6] intra pull w=4   comm=    661us ( 50.8GB/s)  comp=   1209us  both=   1211us  ideal=   1209us
[mb6] inter push k= 1  comm=   1500us ( 22.4GB/s)  comp=   1003us  both=   1504us  ideal=   1500us
[mb6] inter push k= 2  comm=    777us ( 43.2GB/s)  comp=   1012us  both=   1013us  ideal=   1012us
[mb6] inter push k= 4  comm=    660us ( 50.8GB/s)  comp=   1031us  both=   1032us  ideal=   1031us
[mb6] inter push k= 8  comm=    660us ( 50.9GB/s)  comp=   1073us  both=   1073us  ideal=   1073us
[mb6] inter push k=16  comm=    660us ( 50.9GB/s)  comp=   1164us  both=   1164us  ideal=   1164us
[mb6] inter push k=24  comm=    659us ( 50.9GB/s)  comp=   1271us  both=   1272us  ideal=   1271us
[mb6] inter push k=32  comm=    660us ( 50.9GB/s)  comp=   1401us  both=   1402us  ideal=   1401us
[mb6] intra push w=1   comm=    660us ( 50.9GB/s)  comp=   1134us  both=   1135us  ideal=   1134us
[mb6] intra push w=2   comm=    660us ( 50.9GB/s)  comp=   1322us  both=   1322us  ideal=   1322us
[mb6] intra push w=4   comm=    659us ( 50.9GB/s)  comp=   1209us  both=   1215us  ideal=   1209us
[saved] /data/cinnzhang_vllm_td_test/xxy/moe_bench/microbench/results/20260710_071848/mb6_inter_intra.json
